// Jest Snapshot v1, https://goo.gl/fbAQLP

exports[`Pokemon component displayed pokemon correctly with query data 1`] = `
<v-container-stub tag="div">
  <div>
    <v-card-stub loaderheight="4" tag="div" outlined="true"><template></template>
      <v-img-stub height="400" contain="true" options="[object Object]" position="center center" src="https://img.pokemondb.net/artwork/bulbasaur.jpg" transition="fade-transition">
        <audio-player-stub audiosrc="http://localhost:4000/sounds/1"></audio-player-stub>
      </v-img-stub>
      <v-sheet-stub color="secondary" tag="div">
        <v-card-stub loaderheight="4" tag="div" color="transparent" tile="true" flat="true">
          <v-list-item-stub activeclass="" tag="div" threeline="true">
            <v-list-item-content-stub>
              <v-list-item-title-stub class="headline font-weight-bold">Bulbasaur
              </v-list-item-title-stub>
              <v-list-item-subtitle-stub class="font-weight-bold">Grass, Poison
              </v-list-item-subtitle-stub>
            </v-list-item-content-stub>
            <v-list-item-action-stub>
              <v-btn-stub tag="button" activeclass="" icon="true" type="button">
                <v-icon-stub color="red" size="30">mdi-heart
                </v-icon-stub>
              </v-btn-stub>
            </v-list-item-action-stub>
          </v-list-item-stub>
          <v-card-text-stub class="pt-0">
            <v-row-stub tag="div" nogutters="true" align="center">
              <v-col-stub cols="11" tag="div">
                <v-progress-linear-stub color="#a09ffe" value="100" active="true" buffervalue="100" height="10" rounded="true"></v-progress-linear-stub>
              </v-col-stub>
              <v-col-stub cols="1" tag="div"><b class="font-weight-black float-right">CP:&nbsp;951</b></v-col-stub>
            </v-row-stub>
            <v-row-stub tag="div" nogutters="true" align="center">
              <v-col-stub cols="11" tag="div">
                <v-progress-linear-stub color="#71c1a1" value="100" active="true" buffervalue="100" height="10" rounded="true"></v-progress-linear-stub>
              </v-col-stub>
              <v-col-stub cols="1" tag="div"><b class="font-weight-black float-right">
                  HP:&nbsp;1071
                </b></v-col-stub>
            </v-row-stub>
          </v-card-text-stub>
        </v-card-stub>
        <v-divider-stub></v-divider-stub>
        <v-card-stub loaderheight="4" tag="div" color="transparent" tile="true" flat="true" class="text-center">
          <v-row-stub tag="div" align="center" justify="center">
            <v-col-stub tag="div">
              <v-list-item-content-stub>
                <v-list-item-title-stub class="headline font-weight-bold">
                  Weight
                </v-list-item-title-stub>
                <v-list-item-subtitle-stub class="subtitle-1">
                  6.04kg
                  <span class="px-1">-</span>
                  7.76kg
                </v-list-item-subtitle-stub>
              </v-list-item-content-stub>
            </v-col-stub>
            <v-divider-stub vertical="true"></v-divider-stub>
            <v-col-stub tag="div">
              <v-list-item-content-stub>
                <v-list-item-title-stub class="headline font-weight-bold">
                  Height
                </v-list-item-title-stub>
                <v-list-item-subtitle-stub class="subtitle-1">
                  0.61m
                  <span class="px-1">-</span>
                  0.79m
                </v-list-item-subtitle-stub>
              </v-list-item-content-stub>
            </v-col-stub>
          </v-row-stub>
          <v-divider-stub></v-divider-stub>
        </v-card-stub>
      </v-sheet-stub>
    </v-card-stub>
    <v-fade-transition-stub mode="out-in" origin="top center 0">
      <v-row-stub tag="div">
        <v-col-stub cols="12" sm="4" md="3" tag="div" class="pullUp">
          <apolloquery-stub query="[object Object]" variables="[object Object]" update="function _default(data) {
          return data;
        }" debounce="0" throttle="0" tag="div" prefetch="true" options="[object Object]"></apolloquery-stub>
        </v-col-stub>
        <v-col-stub cols="12" sm="4" md="3" tag="div" class="pullUp">
          <apolloquery-stub query="[object Object]" variables="[object Object]" update="function _default(data) {
          return data;
        }" debounce="0" throttle="0" tag="div" prefetch="true" options="[object Object]"></apolloquery-stub>
        </v-col-stub>
      </v-row-stub>
    </v-fade-transition-stub>
  </div>
</v-container-stub>
`;
